// Jest Snapshot v1, https://goo.gl/fbAQLP

exports[`orderRefundedEvent > generateKlaviyoEvent should generate the klaviyo event for an order refunded message 1`] = `
{
  "data": {
    "attributes": {
      "metric": {
        "name": "Refunded Order",
      },
      "profile": {
        "$email": "test@klaviyo.com",
        "$id": "123-123-123",
      },
      "properties": {
        "createdAt": "2023-01-27T15:00:00.000Z",
        "customItems": [],
        "customerEmail": "test@klaviyo.com",
        "customerId": "123-123-123",
        "items": [],
        "lastModifiedAt": "2023-01-27T15:00:00.000Z",
        "orderId": "3456789",
        "orderState": "Open",
        "totalPrice": {
          "centAmount": 1300,
          "currencyCode": "USD",
          "fractionDigits": 2,
          "type": "centPrecision",
        },
        "version": 24,
      },
      "time": [MockFunction],
      "unique_id": "3456789",
      "value": 13,
    },
    "type": "event",
  },
}
`;
