// Jest Snapshot v1, https://goo.gl/fbAQLP

exports[`orderCreatedEvent > generateKlaviyoEvent should generate the klaviyo event for an order created message 1`] = `
{
  "data": {
    "attributes": {
      "metric": {
        "name": "Order created",
      },
      "profile": {
        "$email": "test@klaviyo.com",
        "$id": "123-123-123",
      },
      "properties": {
        "customerEmail": "test@klaviyo.com",
        "customerId": "123-123-123",
        "orderState": "Open",
      },
      "unique_id": undefined,
      "value": undefined,
    },
    "type": "event",
  },
}
`;
